// Jest Snapshot v1, https://goo.gl/fbAQLP

exports[`Component UI render as expected Calculator renders correctly 1`] = `
<div>
  <div
    className="header"
  >
    Lets do some Math!
  </div>
  <form
    action="#"
  >
    <div
      className="text"
    >
      0
    </div>
    <div
      className="calc-btn"
    >
      <input
        onClick={[Function]}
        type="button"
        value="AC"
      />
      <input
        onClick={[Function]}
        type="button"
        value="+/-"
      />
      <input
        onClick={[Function]}
        type="button"
        value="%"
      />
      <input
        className="sign"
        onClick={[Function]}
        type="button"
        value="÷"
      />
      <input
        onClick={[Function]}
        type="button"
        value="7"
      />
      <input
        onClick={[Function]}
        type="button"
        value="8"
      />
      <input
        onClick={[Function]}
        type="button"
        value="9"
      />
      <input
        className="sign"
        onClick={[Function]}
        type="button"
        value="x"
      />
      <input
        onClick={[Function]}
        type="button"
        value="4"
      />
      <input
        onClick={[Function]}
        type="button"
        value="5"
      />
      <input
        onClick={[Function]}
        type="button"
        value="6"
      />
      <input
        className="sign"
        onClick={[Function]}
        type="button"
        value="-"
      />
      <input
        onClick={[Function]}
        type="button"
        value="1"
      />
      <input
        onClick={[Function]}
        type="button"
        value="2"
      />
      <input
        onClick={[Function]}
        type="button"
        value="3"
      />
      <input
        className="sign"
        onClick={[Function]}
        type="button"
        value="+"
      />
      <input
        className="zero"
        onClick={[Function]}
        type="button"
        value="0"
      />
      <input
        onClick={[Function]}
        type="button"
        value="."
      />
      <input
        className="sign"
        onClick={[Function]}
        type="button"
        value="="
      />
    </div>
  </form>
</div>
`;

exports[`Component UI render as expected Home renders correctly 1`] = `
<main>
  <h2>
    Welcome to the homepage!
  </h2>
  <p
    className="welcome"
  >
     
    lorem Udemy is a global marketplace for online courses of all shapes and sizes. From data science to graphic design and social media marketing, there are thousands of programs available for learning and teaching online. By enabling people to study from the comfort of their own homes, Udemy strives to help individuals enhance their skills and realize their visions. While users are able to individually sign up for courses, this particular landing page promotes Udemy’s business plan. It offers companies a platform which they can train and educate their employees, providing them with extra capabilities and on a range of topics. This can help businesses support their employees while working
  </p>
</main>
`;

exports[`Component UI render as expected Quote renders correctly 1`] = `
<div>
  <p />
</div>
`;
