// Jest Snapshot v1, https://goo.gl/fbAQLP

exports[`Creating Snapshot for Calculator calculator should crete a snapshot correctly 1`] = `
<div>
  <div
    className="header"
  >
    Lets do some Math!
  </div>
  <form
    action="#"
    className="calc-box"
  >
    <div
      className="text"
    >
      0
    </div>
    <div
      className="calc-btn"
    >
      <input
        onClick={[Function]}
        type="button"
        value="AC"
      />
      <input
        onClick={[Function]}
        type="button"
        value="+/-"
      />
      <input
        onClick={[Function]}
        type="button"
        value="%"
      />
      <input
        className="sign"
        onClick={[Function]}
        type="button"
        value="รท"
      />
      <input
        onClick={[Function]}
        type="button"
        value="7"
      />
      <input
        onClick={[Function]}
        type="button"
        value="8"
      />
      <input
        onClick={[Function]}
        type="button"
        value="9"
      />
      <input
        className="sign"
        onClick={[Function]}
        type="button"
        value="x"
      />
      <input
        onClick={[Function]}
        type="button"
        value="4"
      />
      <input
        onClick={[Function]}
        type="button"
        value="5"
      />
      <input
        onClick={[Function]}
        type="button"
        value="6"
      />
      <input
        className="sign"
        onClick={[Function]}
        type="button"
        value="-"
      />
      <input
        onClick={[Function]}
        type="button"
        value="1"
      />
      <input
        onClick={[Function]}
        type="button"
        value="2"
      />
      <input
        onClick={[Function]}
        type="button"
        value="3"
      />
      <input
        className="sign"
        onClick={[Function]}
        type="button"
        value="+"
      />
      <input
        className="zero"
        onClick={[Function]}
        type="button"
        value="0"
      />
      <input
        onClick={[Function]}
        type="button"
        value="."
      />
      <input
        className="sign"
        onClick={[Function]}
        type="button"
        value="="
      />
    </div>
  </form>
</div>
`;
